---
# Source: redhat-marketplace-operator-template-chart/templates/role_binding.yaml
kind: ClusterRoleBinding
apiVersion: rbac.authorization.k8s.io/v1
metadata:
  name: operator-binding
subjects:
- kind: ServiceAccount
  name: redhat-marketplace-operator
  namespace: openshift-redhat-marketplace
roleRef:
  kind: ClusterRole
  name: redhat-marketplace-operator
  apiGroup: rbac.authorization.k8s.io
---
# Source: redhat-marketplace-operator-template-chart/templates/role_binding.yaml
kind: ClusterRoleBinding
apiVersion: rbac.authorization.k8s.io/v1
metadata:
  name: prometheus-operator-binding
subjects:
- kind: ServiceAccount
  name: redhat-marketplace-prometheus-operator
  namespace: openshift-redhat-marketplace
roleRef:
  kind: ClusterRole
  name: redhat-marketplace-prometheus-operator
  apiGroup: rbac.authorization.k8s.io
---
# Source: redhat-marketplace-operator-template-chart/templates/role_binding.yaml
kind: ClusterRoleBinding
apiVersion: rbac.authorization.k8s.io/v1
metadata:
  name: marketplace-prometheus-binding
subjects:
- kind: ServiceAccount
  name: redhat-marketplace-prometheus
  namespace: openshift-redhat-marketplace
roleRef:
  kind: ClusterRole
  name: redhat-marketplace-prometheus
  apiGroup: rbac.authorization.k8s.io
---
# Source: redhat-marketplace-operator-template-chart/templates/role_binding.yaml
kind: RoleBinding
apiVersion: rbac.authorization.k8s.io/v1
metadata:
  name: prometheus-binding
  namespace: openshift-redhat-marketplace
subjects:
- kind: ServiceAccount
  name: redhat-marketplace-prometheus
  namespace: openshift-redhat-marketplace
roleRef:
  kind: Role
  name: redhat-marketplace-prometheus
  apiGroup: rbac.authorization.k8s.io
---
# Source: redhat-marketplace-operator-template-chart/templates/role_binding.yaml
kind: RoleBinding
apiVersion: rbac.authorization.k8s.io/v1
metadata:
  name: reporter-binding
  namespace: openshift-config
subjects:
- kind: ServiceAccount
  name: redhat-marketplace-operator
  namespace: openshift-redhat-marketplace
roleRef:
  kind: Role
  name: redhat-marketplace-reporter
  apiGroup: rbac.authorization.k8s.io
---
# Source: redhat-marketplace-operator-template-chart/templates/role_binding.yaml
kind: RoleBinding
apiVersion: rbac.authorization.k8s.io/v1
metadata:
  name: operator-binding
  namespace: openshift-redhat-marketplace
subjects:
- kind: ServiceAccount
  name: redhat-marketplace-operator
  namespace: openshift-redhat-marketplace
roleRef:
  kind: Role
  name: redhat-marketplace-operator
  apiGroup: rbac.authorization.k8s.io
