---
# Source: redhat-marketplace-operator-template-chart/templates/role.yaml
apiVersion: rbac.authorization.k8s.io/v1
kind: ClusterRole
metadata:
  name: redhat-marketplace-operator
rules:
  - apiGroups:
      - '*'
    resources:
      - '*'
    verbs:
      - get
      - list
      - watch
  - nonResourceURLs:
      - '*'
    verbs:
      - get
      - list
      - watch
  - apiGroups:
      - ''
    resources:
      - pods
      - services
      - services/finalizers
      - endpoints
      - persistentvolumeclaims
      - persistentvolumes
      - events
      - configmaps
      - secrets
      - namespaces
    verbs:
      - get
      - list
      - watch
  - apiGroups:
      - ''
    resources:
      - nodes
    verbs:
      - get
      - list
      - watch
      - patch
      - update
  - apiGroups:
      - batch
      - extensions
    resources:
      - jobs
    verbs:
      - get
      - list
      - watch
  - apiGroups:
      - apps
    resources:
      - deployments
      - statefulsets
      - replicasets
      - daemonsets
    verbs:
      - get
      - list
      - watch
  - apiGroups:
      - apps
    resourceNames:
      - redhat-marketplace-operator
    resources:
      - deployments/finalizers
    verbs:
      - update
  - apiGroups:
      - storage.k8s.io
    resources:
      - storageclasses
    verbs:
      - get
      - list
      - watch
  - apiGroups:
      - monitoring.coreos.com
    resources:
      - servicemonitors
    verbs:
      - create
      - delete
      - get
      - list
      - patch
      - update
      - watch
  - apiGroups:
      - monitoring.coreos.com
    resources:
      - prometheuses
    verbs:
      - get
      - list
      - watch
  - apiGroups:
      - operators.coreos.com
    resources:
      - subscriptions
      - clusterserviceversions
    verbs:
      - get
      - list
      - update
      - watch
      - delete
  - apiGroups:
      - operators.coreos.com
    resources:
      - operatorsources
      - catalogsources
    verbs:
      - get
      - list
      - watch
      - create
  - apiGroups:
      - operators.coreos.com
    resourceNames:
      - redhat-marketplace
    resources:
      - operatorsources
    verbs:
      - get
      - delete
      - patch
      - update
  - apiGroups:
      - operators.coreos.com
    resourceNames:
      - ibm-operator-catalog
      - opencloud-operators
    resources:
      - catalogsources
    verbs:
      - get
      - delete
      - patch
      - update
  - apiGroups:
      - operators.coreos.com
    resources:
      - operatorgroups
    verbs:
      - create
      - delete
      - get
      - list
      - patch
      - update
      - watch
  - apiGroups:
      - config.openshift.io
    resources:
      - consoles
      - infrastructures
      - clusterversions
    verbs:
      - get
      - list
      - patch
      - update
  - apiGroups:
      - marketplace.redhat.com
    resources:
      - '*'
      - meterdefinitions
      - meterbases
      - marketplaceconfigs
    verbs:
      - '*'
  - apiGroups:
      - authentication.k8s.io
    resources:
      - tokenreviews
    verbs:
      - create
  - apiGroups:
      - authorization.k8s.io
    resources:
      - subjectaccessreviews
    verbs:
      - create
  - nonResourceURLs:
      - /api/v1/query
      - /api/v1/query_range
      - /api/v1/targets
    verbs:
      - get
      - create
---
# Source: redhat-marketplace-operator-template-chart/templates/role.yaml
apiVersion: rbac.authorization.k8s.io/v1
kind: ClusterRole
metadata:
  name: redhat-marketplace-prometheus-operator
rules:
  - apiGroups:
      - apiextensions.k8s.io
    resources:
      - customresourcedefinitions
    verbs:
      - create
  - apiGroups:
      - apiextensions.k8s.io
    resourceNames:
      - alertmanagers.monitoring.coreos.com
      - podmonitors.monitoring.coreos.com
      - prometheuses.monitoring.coreos.com
      - prometheusrules.monitoring.coreos.com
      - servicemonitors.monitoring.coreos.com
    resources:
      - customresourcedefinitions
    verbs:
      - get
      - update
  - apiGroups:
      - monitoring.coreos.com
    resources:
      - alertmanagers
      - prometheuses
      - prometheuses/finalizers
      - alertmanagers/finalizers
      - servicemonitors
      - podmonitors
      - prometheusrules
      - '*'
    verbs:
      - '*'
  - apiGroups:
      - apps
    resources:
      - statefulsets
    verbs:
      - '*'
  - apiGroups:
      - ''
    resources:
      - configmaps
      - secrets
    verbs:
      - '*'
  - apiGroups:
      - ''
    resources:
      - pods
    verbs:
      - list
      - delete
  - apiGroups:
      - ''
    resources:
      - services
      - services/finalizers
      - endpoints
    verbs:
      - get
      - create
      - update
      - delete
  - apiGroups:
      - ''
    resources:
      - nodes
    verbs:
      - list
      - watch
  - apiGroups:
      - ''
    resources:
      - namespaces
    verbs:
      - get
      - list
      - watch
---
# Source: redhat-marketplace-operator-template-chart/templates/role.yaml
apiVersion: rbac.authorization.k8s.io/v1
kind: ClusterRole
metadata:
  name: redhat-marketplace-prometheus
rules:
  - apiGroups:
      - ''
    resources:
      - nodes/metrics
    verbs:
      - get
  - nonResourceURLs:
      - /metrics
    verbs:
      - get
  - apiGroups:
      - authentication.k8s.io
    resources:
      - tokenreviews
    verbs:
      - create
  - apiGroups:
      - authorization.k8s.io
    resources:
      - subjectaccessreviews
    verbs:
      - create
  - apiGroups:
      - ''
    resources:
      - namespaces
    verbs:
      - get
  - apiGroups:
      - ''
    resources:
      - services
      - endpoints
      - pods
    verbs:
      - get
      - list
      - watch
  - apiGroups:
      - monitoring.coreos.com
    resources:
      - '*'
    verbs:
      - get
      - list
      - patch
      - update
      - watch
---
# Source: redhat-marketplace-operator-template-chart/templates/role.yaml
apiVersion: rbac.authorization.k8s.io/v1
kind: Role
metadata:
  name: redhat-marketplace-prometheus
  namespace: openshift-redhat-marketplace
rules:
  - apiGroups:
      - ''
    resources:
      - configmaps
    verbs:
      - get
---
# Source: redhat-marketplace-operator-template-chart/templates/role.yaml
apiVersion: rbac.authorization.k8s.io/v1
kind: Role
metadata:
  name: redhat-marketplace-reporter
  namespace: openshift-config
rules:
  - apiGroups:
      - ''
    resourceNames:
      - pull-secret
    resources:
      - secrets
    verbs:
      - get
      - watch
      - list
---
# Source: redhat-marketplace-operator-template-chart/templates/role.yaml
apiVersion: rbac.authorization.k8s.io/v1
kind: Role
metadata:
  name: redhat-marketplace-operator
  namespace: openshift-redhat-marketplace
rules:
  - apiGroups:
      - ''
    resources:
      - pods
      - services
      - services/finalizers
      - endpoints
      - persistentvolumeclaims
      - events
      - configmaps
      - secrets
    verbs:
      - create
      - delete
      - get
      - list
      - patch
      - update
      - watch
  - apiGroups:
      - operators.coreos.com
    resources:
      - subscriptions
    verbs:
      - get
      - list
      - watch
      - create
      - delete
      - patch
      - watch
      - update
  - apiGroups:
      - batch
      - extensions
    resources:
      - jobs
    verbs:
      - get
      - list
      - watch
      - create
      - update
      - patch
      - delete
  - apiGroups:
      - apps
    resources:
      - deployments
      - daemonsets
      - replicasets
      - statefulsets
    verbs:
      - create
      - delete
      - get
      - list
      - patch
      - update
      - watch
  - apiGroups:
      - apps
    resourceNames:
      - redhat-marketplace-operator
    resources:
      - deployments/finalizers
    verbs:
      - update
  - apiGroups:
      - monitoring.coreos.com
    resources:
      - '*'
    verbs:
      - create
      - delete
      - get
      - list
      - patch
      - update
      - watch
