---
# Source: redhat-marketplace-operator-template-chart/templates/service_account.yaml
apiVersion: v1
kind: ServiceAccount
metadata:
  name: redhat-marketplace-operator
  labels:
    redhat.marketplace.com/name: redhat-marketplace-operator
---
# Source: redhat-marketplace-operator-template-chart/templates/service_account.yaml
apiVersion: v1
kind: ServiceAccount
metadata:
  name: redhat-marketplace-prometheus
  labels:
    redhat.marketplace.com/name: redhat-marketplace-operator
---
# Source: redhat-marketplace-operator-template-chart/templates/service_account.yaml
apiVersion: v1
kind: ServiceAccount
metadata:
  name: redhat-marketplace-prometheus-operator
  labels:
    redhat.marketplace.com/name: redhat-marketplace-operator
